[pinkylam.me/playground/random-name-picker/index.html]
[backblue.gif]
[fade.gif]
[index.html]
[pinkylam.me/playground/random-name-picker/assets/images/og/og-image.png]
[pinkylam.me/playground/random-name-picker/pinkylam.me]
[pinkylam.me/playground/random-name-picker/manifest.json]
[pinkylam.me/playground/random-name-picker/assets/images/touch-icons/apple-touch-icon-180x180.png]
[pinkylam.me/playground/random-name-picker/assets/images/touch-icons/apple-touch-icon-152x152.png]
[pinkylam.me/playground/random-name-picker/assets/images/touch-icons/apple-touch-icon-144x144.png]
[pinkylam.me/playground/random-name-picker/assets/images/touch-icons/apple-touch-icon-120x120.png]
[pinkylam.me/playground/random-name-picker/assets/images/touch-icons/apple-touch-icon-114x114.png]
[pinkylam.me/playground/random-name-picker/assets/images/touch-icons/apple-touch-icon-76x76.png]
[pinkylam.me/playground/random-name-picker/assets/images/touch-icons/apple-touch-icon-72x72.png]
[pinkylam.me/playground/random-name-picker/assets/images/touch-icons/apple-touch-icon-57x57.png]
[pinkylam.me/playground/random-name-picker/assets/images/favicon.ico]
[www.googletagmanager.com/gtm84c4.js]
[pinkylam.me/playground/random-name-picker/assets/js/vendor.e66a8337.js]
[pinkylam.me/playground/random-name-picker/assets/js/app.d7f89e93.js]
[pinkylam.me/playground/random-name-picker/index.html]
[pinkylam.me/playground/random-name-picker/pinkylam.html]
[pinkylam.me/playground/random-name-picker/assets/css/app.d7f89e93.css]
[pinkylam.me/playground/random-name-picker/assets/images/svg/title.3af72c2.svg]
[pinkylam.me/playground/random-name-picker/assets/images/svg/sunburst.0838324.svg]
[pinkylam.me/playground/random-name-picker/assets/images/svg/light-blubs.0d2ddfd.svg]
